Failed to find real location of C:\Users\88690\AppData\Local\Python\pythoncore-3.14-64\python.exe
======================================================================
ERROR: test_tamper_refuses_execution (test_day23.CorpusTests.test_tamper_refuses_execution)
----------------------------------------------------------------------
Traceback (most recent call last):
  File "C:\Users\88690\OneDrive\桌面\visual-learning-lab\tests\test_day23.py", line 35, in test_tamper_refuses_execution
    path.write_text(json.dumps(raw), encoding="utf-8")
    ~~~~~~~~~~~~~~~^^^^^^^^^^^^^^^^^^^^^^^^^^^^^^^^^^^
  File "C:\Users\88690\AppData\Local\Python\pythoncore-3.14-64\Lib\pathlib\__init__.py", line 809, in write_text
    with self.open(mode='w', encoding=encoding, errors=errors, newline=newline) as f:
         ~~~~~~~~~^^^^^^^^^^^^^^^^^^^^^^^^^^^^^^^^^^^^^^^^^^^^^^^^^^^^^^^^^^^^^
  File "C:\Users\88690\AppData\Local\Python\pythoncore-3.14-64\Lib\pathlib\__init__.py", line 771, in open
    return io.open(self, mode, buffering, encoding, errors, newline)
           ~~~~~~~^^^^^^^^^^^^^^^^^^^^^^^^^^^^^^^^^^^^^^^^^^^^^^^^^^
PermissionError: [Errno 13] Permission denied: 'C:\\Users\\88690\\AppData\\Local\\Packages\\sandbox.{2224f56b-969d-4af1-9183-df6d6a24891d}\\AC\\Temp\\tmp041igm8k\\manifest.json'

During handling of the above exception, another exception occurred:

Traceback (most recent call last):
  File "C:\Users\88690\AppData\Local\Python\pythoncore-3.14-64\Lib\shutil.py", line 707, in _rmtree_unsafe
    os.rmdir(path)
    ~~~~~~~~^^^^^^
PermissionError: [WinError 5] 存取被拒。: 'C:\\Users\\88690\\AppData\\Local\\Packages\\sandbox.{2224f56b-969d-4af1-9183-df6d6a24891d}\\AC\\Temp\\tmp041igm8k'

During handling of the above exception, another exception occurred:

Traceback (most recent call last):
  File "C:\Users\88690\OneDrive\桌面\visual-learning-lab\tests\test_day23.py", line 33, in test_tamper_refuses_execution
    with tempfile.TemporaryDirectory() as folder:
         ~~~~~~~~~~~~~~~~~~~~~~~~~~~^^
  File "C:\Users\88690\AppData\Local\Python\pythoncore-3.14-64\Lib\tempfile.py", line 972, in __exit__
    self.cleanup()
    ~~~~~~~~~~~~^^
  File "C:\Users\88690\AppData\Local\Python\pythoncore-3.14-64\Lib\tempfile.py", line 976, in cleanup
    self._rmtree(self.name, ignore_errors=self._ignore_cleanup_errors)
    ~~~~~~~~~~~~^^^^^^^^^^^^^^^^^^^^^^^^^^^^^^^^^^^^^^^^^^^^^^^^^^^^^^
  File "C:\Users\88690\AppData\Local\Python\pythoncore-3.14-64\Lib\tempfile.py", line 956, in _rmtree
    _shutil.rmtree(name, onexc=onexc)
    ~~~~~~~~~~~~~~^^^^^^^^^^^^^^^^^^^
  File "C:\Users\88690\AppData\Local\Python\pythoncore-3.14-64\Lib\shutil.py", line 852, in rmtree
    _rmtree_impl(path, dir_fd, onexc)
    ~~~~~~~~~~~~^^^^^^^^^^^^^^^^^^^^^
  File "C:\Users\88690\AppData\Local\Python\pythoncore-3.14-64\Lib\shutil.py", line 711, in _rmtree_unsafe
    onexc(os.rmdir, path, err)
    ~~~~~^^^^^^^^^^^^^^^^^^^^^
  File "C:\Users\88690\AppData\Local\Python\pythoncore-3.14-64\Lib\tempfile.py", line 928, in onexc
    _resetperms(path)
    ~~~~~~~~~~~^^^^^^
  File "C:\Users\88690\AppData\Local\Python\pythoncore-3.14-64\Lib\tempfile.py", line 283, in _resetperms
    _dont_follow_symlinks(_os.chmod, path, 0o700)
    ~~~~~~~~~~~~~~~~~~~~~^^^^^^^^^^^^^^^^^^^^^^^^
  File "C:\Users\88690\AppData\Local\Python\pythoncore-3.14-64\Lib\tempfile.py", line 272, in _dont_follow_symlinks
    func(path, *args, follow_symlinks=False)
    ~~~~^^^^^^^^^^^^^^^^^^^^^^^^^^^^^^^^^^^^
PermissionError: [WinError 5] 存取被拒。: 'C:\\Users\\88690\\AppData\\Local\\Packages\\sandbox.{2224f56b-969d-4af1-9183-df6d6a24891d}\\AC\\Temp\\tmp041igm8k'

======================================================================
ERROR: test_local_interaction_guard (test_day23.RunnerTests.test_local_interaction_guard)
----------------------------------------------------------------------
Traceback (most recent call last):
  File "C:\Users\88690\AppData\Local\Python\pythoncore-3.14-64\Lib\shutil.py", line 707, in _rmtree_unsafe
    os.rmdir(path)
    ~~~~~~~~^^^^^^
PermissionError: [WinError 5] 存取被拒。: 'C:\\Users\\88690\\AppData\\Local\\Packages\\sandbox.{2224f56b-969d-4af1-9183-df6d6a24891d}\\AC\\Temp\\tmpgzexa0qq'

During handling of the above exception, another exception occurred:

Traceback (most recent call last):
  File "C:\Users\88690\OneDrive\桌面\visual-learning-lab\tests\test_day23.py", line 81, in test_local_interaction_guard
    with tempfile.TemporaryDirectory() as folder:
         ~~~~~~~~~~~~~~~~~~~~~~~~~~~^^
  File "C:\Users\88690\AppData\Local\Python\pythoncore-3.14-64\Lib\tempfile.py", line 972, in __exit__
    self.cleanup()
    ~~~~~~~~~~~~^^
  File "C:\Users\88690\AppData\Local\Python\pythoncore-3.14-64\Lib\tempfile.py", line 976, in cleanup
    self._rmtree(self.name, ignore_errors=self._ignore_cleanup_errors)
    ~~~~~~~~~~~~^^^^^^^^^^^^^^^^^^^^^^^^^^^^^^^^^^^^^^^^^^^^^^^^^^^^^^
  File "C:\Users\88690\AppData\Local\Python\pythoncore-3.14-64\Lib\tempfile.py", line 956, in _rmtree
    _shutil.rmtree(name, onexc=onexc)
    ~~~~~~~~~~~~~~^^^^^^^^^^^^^^^^^^^
  File "C:\Users\88690\AppData\Local\Python\pythoncore-3.14-64\Lib\shutil.py", line 852, in rmtree
    _rmtree_impl(path, dir_fd, onexc)
    ~~~~~~~~~~~~^^^^^^^^^^^^^^^^^^^^^
  File "C:\Users\88690\AppData\Local\Python\pythoncore-3.14-64\Lib\shutil.py", line 711, in _rmtree_unsafe
    onexc(os.rmdir, path, err)
    ~~~~~^^^^^^^^^^^^^^^^^^^^^
  File "C:\Users\88690\AppData\Local\Python\pythoncore-3.14-64\Lib\tempfile.py", line 928, in onexc
    _resetperms(path)
    ~~~~~~~~~~~^^^^^^
  File "C:\Users\88690\AppData\Local\Python\pythoncore-3.14-64\Lib\tempfile.py", line 283, in _resetperms
    _dont_follow_symlinks(_os.chmod, path, 0o700)
    ~~~~~~~~~~~~~~~~~~~~~^^^^^^^^^^^^^^^^^^^^^^^^
  File "C:\Users\88690\AppData\Local\Python\pythoncore-3.14-64\Lib\tempfile.py", line 272, in _dont_follow_symlinks
    func(path, *args, follow_symlinks=False)
    ~~~~^^^^^^^^^^^^^^^^^^^^^^^^^^^^^^^^^^^^
PermissionError: [WinError 5] 存取被拒。: 'C:\\Users\\88690\\AppData\\Local\\Packages\\sandbox.{2224f56b-969d-4af1-9183-df6d6a24891d}\\AC\\Temp\\tmpgzexa0qq'

======================================================================
ERROR: test_missing_replay_is_unmeasured_not_synthetic_success (test_day23.RunnerTests.test_missing_replay_is_unmeasured_not_synthetic_success)
----------------------------------------------------------------------
Traceback (most recent call last):
  File "C:\Users\88690\AppData\Local\Python\pythoncore-3.14-64\Lib\shutil.py", line 707, in _rmtree_unsafe
    os.rmdir(path)
    ~~~~~~~~^^^^^^
PermissionError: [WinError 5] 存取被拒。: 'C:\\Users\\88690\\AppData\\Local\\Packages\\sandbox.{2224f56b-969d-4af1-9183-df6d6a24891d}\\AC\\Temp\\tmpvjqy7wno'

During handling of the above exception, another exception occurred:

Traceback (most recent call last):
  File "C:\Users\88690\OneDrive\桌面\visual-learning-lab\tests\test_day23.py", line 102, in test_missing_replay_is_unmeasured_not_synthetic_success
    with tempfile.TemporaryDirectory() as folder:
         ~~~~~~~~~~~~~~~~~~~~~~~~~~~^^
  File "C:\Users\88690\AppData\Local\Python\pythoncore-3.14-64\Lib\tempfile.py", line 972, in __exit__
    self.cleanup()
    ~~~~~~~~~~~~^^
  File "C:\Users\88690\AppData\Local\Python\pythoncore-3.14-64\Lib\tempfile.py", line 976, in cleanup
    self._rmtree(self.name, ignore_errors=self._ignore_cleanup_errors)
    ~~~~~~~~~~~~^^^^^^^^^^^^^^^^^^^^^^^^^^^^^^^^^^^^^^^^^^^^^^^^^^^^^^
  File "C:\Users\88690\AppData\Local\Python\pythoncore-3.14-64\Lib\tempfile.py", line 956, in _rmtree
    _shutil.rmtree(name, onexc=onexc)
    ~~~~~~~~~~~~~~^^^^^^^^^^^^^^^^^^^
  File "C:\Users\88690\AppData\Local\Python\pythoncore-3.14-64\Lib\shutil.py", line 852, in rmtree
    _rmtree_impl(path, dir_fd, onexc)
    ~~~~~~~~~~~~^^^^^^^^^^^^^^^^^^^^^
  File "C:\Users\88690\AppData\Local\Python\pythoncore-3.14-64\Lib\shutil.py", line 711, in _rmtree_unsafe
    onexc(os.rmdir, path, err)
    ~~~~~^^^^^^^^^^^^^^^^^^^^^
  File "C:\Users\88690\AppData\Local\Python\pythoncore-3.14-64\Lib\tempfile.py", line 928, in onexc
    _resetperms(path)
    ~~~~~~~~~~~^^^^^^
  File "C:\Users\88690\AppData\Local\Python\pythoncore-3.14-64\Lib\tempfile.py", line 283, in _resetperms
    _dont_follow_symlinks(_os.chmod, path, 0o700)
    ~~~~~~~~~~~~~~~~~~~~~^^^^^^^^^^^^^^^^^^^^^^^^
  File "C:\Users\88690\AppData\Local\Python\pythoncore-3.14-64\Lib\tempfile.py", line 272, in _dont_follow_symlinks
    func(path, *args, follow_symlinks=False)
    ~~~~^^^^^^^^^^^^^^^^^^^^^^^^^^^^^^^^^^^^
PermissionError: [WinError 5] 存取被拒。: 'C:\\Users\\88690\\AppData\\Local\\Packages\\sandbox.{2224f56b-969d-4af1-9183-df6d6a24891d}\\AC\\Temp\\tmpvjqy7wno'

======================================================================
ERROR: test_sdk_failure_never_dumps_secret_or_source (test_day23.RunnerTests.test_sdk_failure_never_dumps_secret_or_source)
----------------------------------------------------------------------
Traceback (most recent call last):
  File "C:\Users\88690\OneDrive\桌面\visual-learning-lab\tests\test_day23.py", line 95, in test_sdk_failure_never_dumps_secret_or_source
    client.create()
    ~~~~~~~~~~~~~^^
  File "C:\Users\88690\OneDrive\桌面\visual-learning-lab\tests\day23_benchmark.py", line 119, in create
    save(path, dict(attempted_at_utc=datetime.now(timezone.utc).isoformat(), stage=self.stage,
    ~~~~^^^^^^^^^^^^^^^^^^^^^^^^^^^^^^^^^^^^^^^^^^^^^^^^^^^^^^^^^^^^^^^^^^^^^^^^^^^^^^^^^^^^^^
                    model=self.model, paid_this_run=True, error=dict(type="AttemptInProgress")))
                    ^^^^^^^^^^^^^^^^^^^^^^^^^^^^^^^^^^^^^^^^^^^^^^^^^^^^^^^^^^^^^^^^^^^^^^^^^^^^
  File "C:\Users\88690\OneDrive\桌面\visual-learning-lab\tests\day23_benchmark.py", line 78, in save
    temporary.write_text(json.dumps(value, ensure_ascii=False, indent=2, allow_nan=False) + "\n", encoding="utf-8")
    ~~~~~~~~~~~~~~~~~~~~^^^^^^^^^^^^^^^^^^^^^^^^^^^^^^^^^^^^^^^^^^^^^^^^^^^^^^^^^^^^^^^^^^^^^^^^^^^^^^^^^^^^^^^^^^^
  File "C:\Users\88690\AppData\Local\Python\pythoncore-3.14-64\Lib\pathlib\__init__.py", line 809, in write_text
    with self.open(mode='w', encoding=encoding, errors=errors, newline=newline) as f:
         ~~~~~~~~~^^^^^^^^^^^^^^^^^^^^^^^^^^^^^^^^^^^^^^^^^^^^^^^^^^^^^^^^^^^^^
  File "C:\Users\88690\AppData\Local\Python\pythoncore-3.14-64\Lib\pathlib\__init__.py", line 771, in open
    return io.open(self, mode, buffering, encoding, errors, newline)
           ~~~~~~~^^^^^^^^^^^^^^^^^^^^^^^^^^^^^^^^^^^^^^^^^^^^^^^^^^
PermissionError: [Errno 13] Permission denied: 'C:\\Users\\88690\\AppData\\Local\\Packages\\sandbox.{2224f56b-969d-4af1-9183-df6d6a24891d}\\AC\\Temp\\tmpzhy2u7os\\planner.json.tmp'

During handling of the above exception, another exception occurred:

Traceback (most recent call last):
  File "C:\Users\88690\AppData\Local\Python\pythoncore-3.14-64\Lib\shutil.py", line 707, in _rmtree_unsafe
    os.rmdir(path)
    ~~~~~~~~^^^^^^
PermissionError: [WinError 5] 存取被拒。: 'C:\\Users\\88690\\AppData\\Local\\Packages\\sandbox.{2224f56b-969d-4af1-9183-df6d6a24891d}\\AC\\Temp\\tmpzhy2u7os'

During handling of the above exception, another exception occurred:

Traceback (most recent call last):
  File "C:\Users\88690\OneDrive\桌面\visual-learning-lab\tests\test_day23.py", line 91, in test_sdk_failure_never_dumps_secret_or_source
    with tempfile.TemporaryDirectory() as folder:
         ~~~~~~~~~~~~~~~~~~~~~~~~~~~^^
  File "C:\Users\88690\AppData\Local\Python\pythoncore-3.14-64\Lib\tempfile.py", line 972, in __exit__
    self.cleanup()
    ~~~~~~~~~~~~^^
  File "C:\Users\88690\AppData\Local\Python\pythoncore-3.14-64\Lib\tempfile.py", line 976, in cleanup
    self._rmtree(self.name, ignore_errors=self._ignore_cleanup_errors)
    ~~~~~~~~~~~~^^^^^^^^^^^^^^^^^^^^^^^^^^^^^^^^^^^^^^^^^^^^^^^^^^^^^^
  File "C:\Users\88690\AppData\Local\Python\pythoncore-3.14-64\Lib\tempfile.py", line 956, in _rmtree
    _shutil.rmtree(name, onexc=onexc)
    ~~~~~~~~~~~~~~^^^^^^^^^^^^^^^^^^^
  File "C:\Users\88690\AppData\Local\Python\pythoncore-3.14-64\Lib\shutil.py", line 852, in rmtree
    _rmtree_impl(path, dir_fd, onexc)
    ~~~~~~~~~~~~^^^^^^^^^^^^^^^^^^^^^
  File "C:\Users\88690\AppData\Local\Python\pythoncore-3.14-64\Lib\shutil.py", line 711, in _rmtree_unsafe
    onexc(os.rmdir, path, err)
    ~~~~~^^^^^^^^^^^^^^^^^^^^^
  File "C:\Users\88690\AppData\Local\Python\pythoncore-3.14-64\Lib\tempfile.py", line 928, in onexc
    _resetperms(path)
    ~~~~~~~~~~~^^^^^^
  File "C:\Users\88690\AppData\Local\Python\pythoncore-3.14-64\Lib\tempfile.py", line 283, in _resetperms
    _dont_follow_symlinks(_os.chmod, path, 0o700)
    ~~~~~~~~~~~~~~~~~~~~~^^^^^^^^^^^^^^^^^^^^^^^^
  File "C:\Users\88690\AppData\Local\Python\pythoncore-3.14-64\Lib\tempfile.py", line 272, in _dont_follow_symlinks
    func(path, *args, follow_symlinks=False)
    ~~~~^^^^^^^^^^^^^^^^^^^^^^^^^^^^^^^^^^^^
PermissionError: [WinError 5] 存取被拒。: 'C:\\Users\\88690\\AppData\\Local\\Packages\\sandbox.{2224f56b-969d-4af1-9183-df6d6a24891d}\\AC\\Temp\\tmpzhy2u7os'

----------------------------------------------------------------------
Ran 11 tests in 0.287s

FAILED (errors=4)
