2026-10-06 21:14:15.180 Thread 'MainThread': missing ScriptRunContext! This warning can be ignored when running in bare mode.
test_fixed_adapter_smoke_and_numeric_inverse_parity (test_day24.ManipulationFrontendTests.test_fixed_adapter_smoke_and_numeric_inverse_parity) ... 2026-10-06 21:14:15.487 Thread 'MainThread': missing ScriptRunContext! This warning can be ignored when running in bare mode.
2026-10-06 21:14:15.487 Session state does not function when running a script without `streamlit run`
2026-10-06 21:14:15.487 Thread 'MainThread': missing ScriptRunContext! This warning can be ignored when running in bare mode.
2026-10-06 21:14:15.487 Thread 'MainThread': missing ScriptRunContext! This warning can be ignored when running in bare mode.
2026-10-06 21:14:15.488 Thread 'MainThread': missing ScriptRunContext! This warning can be ignored when running in bare mode.
2026-10-06 21:14:15.488 Thread 'MainThread': missing ScriptRunContext! This warning can be ignored when running in bare mode.
2026-10-06 21:14:15.488 Thread 'MainThread': missing ScriptRunContext! This warning can be ignored when running in bare mode.
2026-10-06 21:14:15.488 Thread 'MainThread': missing ScriptRunContext! This warning can be ignored when running in bare mode.
2026-10-06 21:14:15.488 Thread 'MainThread': missing ScriptRunContext! This warning can be ignored when running in bare mode.
2026-10-06 21:14:15.488 Thread 'MainThread': missing ScriptRunContext! This warning can be ignored when running in bare mode.
2026-10-06 21:14:15.488 Thread 'MainThread': missing ScriptRunContext! This warning can be ignored when running in bare mode.
2026-10-06 21:14:15.874 Thread 'MainThread': missing ScriptRunContext! This warning can be ignored when running in bare mode.
2026-10-06 21:14:15.874 Thread 'MainThread': missing ScriptRunContext! This warning can be ignored when running in bare mode.
2026-10-06 21:14:15.874 Thread 'MainThread': missing ScriptRunContext! This warning can be ignored when running in bare mode.
2026-10-06 21:14:15.874 Thread 'MainThread': missing ScriptRunContext! This warning can be ignored when running in bare mode.
2026-10-06 21:14:15.874 Thread 'MainThread': missing ScriptRunContext! This warning can be ignored when running in bare mode.
2026-10-06 21:14:15.874 Thread 'MainThread': missing ScriptRunContext! This warning can be ignored when running in bare mode.
2026-10-06 21:14:15.875 Thread 'MainThread': missing ScriptRunContext! This warning can be ignored when running in bare mode.
2026-10-06 21:14:15.875 Thread 'MainThread': missing ScriptRunContext! This warning can be ignored when running in bare mode.
2026-10-06 21:14:15.875 Thread 'MainThread': missing ScriptRunContext! This warning can be ignored when running in bare mode.
2026-10-06 21:14:15.875 Thread 'MainThread': missing ScriptRunContext! This warning can be ignored when running in bare mode.
2026-10-06 21:14:15.901 Thread 'MainThread': missing ScriptRunContext! This warning can be ignored when running in bare mode.
2026-10-06 21:14:15.901 Thread 'MainThread': missing ScriptRunContext! This warning can be ignored when running in bare mode.
2026-10-06 21:14:15.901 Thread 'MainThread': missing ScriptRunContext! This warning can be ignored when running in bare mode.
2026-10-06 21:14:15.901 Thread 'MainThread': missing ScriptRunContext! This warning can be ignored when running in bare mode.
2026-10-06 21:14:15.901 Thread 'MainThread': missing ScriptRunContext! This warning can be ignored when running in bare mode.
2026-10-06 21:14:15.901 Thread 'MainThread': missing ScriptRunContext! This warning can be ignored when running in bare mode.
2026-10-06 21:14:15.902 Thread 'MainThread': missing ScriptRunContext! This warning can be ignored when running in bare mode.
2026-10-06 21:14:15.902 Thread 'MainThread': missing ScriptRunContext! This warning can be ignored when running in bare mode.
2026-10-06 21:14:15.902 Thread 'MainThread': missing ScriptRunContext! This warning can be ignored when running in bare mode.
2026-10-06 21:14:15.902 Thread 'MainThread': missing ScriptRunContext! This warning can be ignored when running in bare mode.
FAIL
test_affine_two_anchors_use_existing_lab_values_curves_and_focus (test_day24.ManipulationLogicTests.test_affine_two_anchors_use_existing_lab_values_curves_and_focus) ... ok
test_atomic_failure_never_half_applies_parameters (test_day24.ManipulationLogicTests.test_atomic_failure_never_half_applies_parameters) ... ok
test_circle_at_displayed_time_not_a_second_waveform_state (test_day24.ManipulationLogicTests.test_circle_at_displayed_time_not_a_second_waveform_state) ... ok
test_circle_parameter_to_forward_projection_both_directions (test_day24.ManipulationLogicTests.test_circle_parameter_to_forward_projection_both_directions) ... ok
test_lab_other_controls_invalidate_old_gestures_even_after_aba (test_day24.ManipulationLogicTests.test_lab_other_controls_invalidate_old_gestures_even_after_aba) ... ok
test_numeric_preview_bounds_and_no_model_expressions (test_day24.ManipulationLogicTests.test_numeric_preview_bounds_and_no_model_expressions) ... 2026-10-06 21:14:16.511 Thread 'MainThread': missing ScriptRunContext! This warning can be ignored when running in bare mode.
2026-10-06 21:14:16.512 Thread 'MainThread': missing ScriptRunContext! This warning can be ignored when running in bare mode.
2026-10-06 21:14:16.512 Thread 'MainThread': missing ScriptRunContext! This warning can be ignored when running in bare mode.
2026-10-06 21:14:16.512 Thread 'MainThread': missing ScriptRunContext! This warning can be ignored when running in bare mode.
2026-10-06 21:14:16.512 Thread 'MainThread': missing ScriptRunContext! This warning can be ignored when running in bare mode.
2026-10-06 21:14:16.512 Thread 'MainThread': missing ScriptRunContext! This warning can be ignored when running in bare mode.
2026-10-06 21:14:16.512 Thread 'MainThread': missing ScriptRunContext! This warning can be ignored when running in bare mode.
2026-10-06 21:14:16.512 Thread 'MainThread': missing ScriptRunContext! This warning can be ignored when running in bare mode.
2026-10-06 21:14:16.512 Thread 'MainThread': missing ScriptRunContext! This warning can be ignored when running in bare mode.
2026-10-06 21:14:16.512 Thread 'MainThread': missing ScriptRunContext! This warning can be ignored when running in bare mode.
2026-10-06 21:14:16.568 Thread 'MainThread': missing ScriptRunContext! This warning can be ignored when running in bare mode.
2026-10-06 21:14:16.568 Thread 'MainThread': missing ScriptRunContext! This warning can be ignored when running in bare mode.
2026-10-06 21:14:16.568 Thread 'MainThread': missing ScriptRunContext! This warning can be ignored when running in bare mode.
2026-10-06 21:14:16.568 Thread 'MainThread': missing ScriptRunContext! This warning can be ignored when running in bare mode.
2026-10-06 21:14:16.568 Thread 'MainThread': missing ScriptRunContext! This warning can be ignored when running in bare mode.
2026-10-06 21:14:16.568 Thread 'MainThread': missing ScriptRunContext! This warning can be ignored when running in bare mode.
2026-10-06 21:14:16.568 Thread 'MainThread': missing ScriptRunContext! This warning can be ignored when running in bare mode.
2026-10-06 21:14:16.568 Thread 'MainThread': missing ScriptRunContext! This warning can be ignored when running in bare mode.
2026-10-06 21:14:16.568 Thread 'MainThread': missing ScriptRunContext! This warning can be ignored when running in bare mode.
2026-10-06 21:14:16.568 Thread 'MainThread': missing ScriptRunContext! This warning can be ignored when running in bare mode.
2026-10-06 21:14:16.701 Thread 'MainThread': missing ScriptRunContext! This warning can be ignored when running in bare mode.
2026-10-06 21:14:16.701 Thread 'MainThread': missing ScriptRunContext! This warning can be ignored when running in bare mode.
2026-10-06 21:14:16.701 Thread 'MainThread': missing ScriptRunContext! This warning can be ignored when running in bare mode.
2026-10-06 21:14:16.701 Thread 'MainThread': missing ScriptRunContext! This warning can be ignored when running in bare mode.
2026-10-06 21:14:16.701 Thread 'MainThread': missing ScriptRunContext! This warning can be ignored when running in bare mode.
2026-10-06 21:14:16.701 Thread 'MainThread': missing ScriptRunContext! This warning can be ignored when running in bare mode.
2026-10-06 21:14:16.701 Thread 'MainThread': missing ScriptRunContext! This warning can be ignored when running in bare mode.
2026-10-06 21:14:16.701 Thread 'MainThread': missing ScriptRunContext! This warning can be ignored when running in bare mode.
2026-10-06 21:14:16.701 Thread 'MainThread': missing ScriptRunContext! This warning can be ignored when running in bare mode.
2026-10-06 21:14:16.701 Thread 'MainThread': missing ScriptRunContext! This warning can be ignored when running in bare mode.
2026-10-06 21:14:16.740 Thread 'MainThread': missing ScriptRunContext! This warning can be ignored when running in bare mode.
2026-10-06 21:14:16.740 Thread 'MainThread': missing ScriptRunContext! This warning can be ignored when running in bare mode.
2026-10-06 21:14:16.740 Thread 'MainThread': missing ScriptRunContext! This warning can be ignored when running in bare mode.
2026-10-06 21:14:16.741 Thread 'MainThread': missing ScriptRunContext! This warning can be ignored when running in bare mode.
2026-10-06 21:14:16.741 Thread 'MainThread': missing ScriptRunContext! This warning can be ignored when running in bare mode.
2026-10-06 21:14:16.741 Thread 'MainThread': missing ScriptRunContext! This warning can be ignored when running in bare mode.
2026-10-06 21:14:16.741 Thread 'MainThread': missing ScriptRunContext! This warning can be ignored when running in bare mode.
2026-10-06 21:14:16.741 Thread 'MainThread': missing ScriptRunContext! This warning can be ignored when running in bare mode.
2026-10-06 21:14:16.741 Thread 'MainThread': missing ScriptRunContext! This warning can be ignored when running in bare mode.
2026-10-06 21:14:16.741 Thread 'MainThread': missing ScriptRunContext! This warning can be ignored when running in bare mode.
2026-10-06 21:14:16.783 Thread 'MainThread': missing ScriptRunContext! This warning can be ignored when running in bare mode.
2026-10-06 21:14:16.783 Thread 'MainThread': missing ScriptRunContext! This warning can be ignored when running in bare mode.
2026-10-06 21:14:16.784 Thread 'MainThread': missing ScriptRunContext! This warning can be ignored when running in bare mode.
2026-10-06 21:14:16.784 Thread 'MainThread': missing ScriptRunContext! This warning can be ignored when running in bare mode.
2026-10-06 21:14:16.784 Thread 'MainThread': missing ScriptRunContext! This warning can be ignored when running in bare mode.
2026-10-06 21:14:16.784 Thread 'MainThread': missing ScriptRunContext! This warning can be ignored when running in bare mode.
2026-10-06 21:14:16.784 Thread 'MainThread': missing ScriptRunContext! This warning can be ignored when running in bare mode.
2026-10-06 21:14:16.784 Thread 'MainThread': missing ScriptRunContext! This warning can be ignored when running in bare mode.
2026-10-06 21:14:16.784 Thread 'MainThread': missing ScriptRunContext! This warning can be ignored when running in bare mode.
2026-10-06 21:14:16.784 Thread 'MainThread': missing ScriptRunContext! This warning can be ignored when running in bare mode.
2026-10-06 21:14:16.828 Thread 'MainThread': missing ScriptRunContext! This warning can be ignored when running in bare mode.
2026-10-06 21:14:16.828 Thread 'MainThread': missing ScriptRunContext! This warning can be ignored when running in bare mode.
2026-10-06 21:14:16.828 Thread 'MainThread': missing ScriptRunContext! This warning can be ignored when running in bare mode.
2026-10-06 21:14:16.828 Thread 'MainThread': missing ScriptRunContext! This warning can be ignored when running in bare mode.
2026-10-06 21:14:16.828 Thread 'MainThread': missing ScriptRunContext! This warning can be ignored when running in bare mode.
2026-10-06 21:14:16.828 Thread 'MainThread': missing ScriptRunContext! This warning can be ignored when running in bare mode.
2026-10-06 21:14:16.828 Thread 'MainThread': missing ScriptRunContext! This warning can be ignored when running in bare mode.
2026-10-06 21:14:16.828 Thread 'MainThread': missing ScriptRunContext! This warning can be ignored when running in bare mode.
2026-10-06 21:14:16.829 Thread 'MainThread': missing ScriptRunContext! This warning can be ignored when running in bare mode.
2026-10-06 21:14:16.829 Thread 'MainThread': missing ScriptRunContext! This warning can be ignored when running in bare mode.
2026-10-06 21:14:16.872 Thread 'MainThread': missing ScriptRunContext! This warning can be ignored when running in bare mode.
2026-10-06 21:14:16.872 Thread 'MainThread': missing ScriptRunContext! This warning can be ignored when running in bare mode.
2026-10-06 21:14:16.872 Thread 'MainThread': missing ScriptRunContext! This warning can be ignored when running in bare mode.
2026-10-06 21:14:16.872 Thread 'MainThread': missing ScriptRunContext! This warning can be ignored when running in bare mode.
2026-10-06 21:14:16.872 Thread 'MainThread': missing ScriptRunContext! This warning can be ignored when running in bare mode.
2026-10-06 21:14:16.872 Thread 'MainThread': missing ScriptRunContext! This warning can be ignored when running in bare mode.
2026-10-06 21:14:16.872 Thread 'MainThread': missing ScriptRunContext! This warning can be ignored when running in bare mode.
2026-10-06 21:14:16.872 Thread 'MainThread': missing ScriptRunContext! This warning can be ignored when running in bare mode.
2026-10-06 21:14:16.872 Thread 'MainThread': missing ScriptRunContext! This warning can be ignored when running in bare mode.
2026-10-06 21:14:16.872 Thread 'MainThread': missing ScriptRunContext! This warning can be ignored when running in bare mode.
ok
test_outside_legal_inverse_zero_radius_stale_and_duplicate (test_day24.ManipulationLogicTests.test_outside_legal_inverse_zero_radius_stale_and_duplicate) ... ok
test_polar_endpoint_two_parameters_atomic_time_clamp_and_fit (test_day24.ManipulationLogicTests.test_polar_endpoint_two_parameters_atomic_time_clamp_and_fit) ... ok
test_recording_replays_committed_semantics_not_pointer_events (test_day24.ManipulationLogicTests.test_recording_replays_committed_semantics_not_pointer_events) ... ok
test_reject_nonanalytic_ambiguous_fixed_and_malicious_formulas (test_day24.ManipulationLogicTests.test_reject_nonanalytic_ambiguous_fixed_and_malicious_formulas) ... ok
test_semantic_bridge_does_not_invent_or_guess_identity (test_day24.ManipulationLogicTests.test_semantic_bridge_does_not_invent_or_guess_identity) ... ok
test_topic_name_renaming_does_not_route_the_adapter (test_day24.ManipulationLogicTests.test_topic_name_renaming_does_not_route_the_adapter) ... ok
test_unknown_or_malicious_events_preserve_all_state (test_day24.ManipulationLogicTests.test_unknown_or_malicious_events_preserve_all_state) ... ok

======================================================================
FAIL: test_fixed_adapter_smoke_and_numeric_inverse_parity (test_day24.ManipulationFrontendTests.test_fixed_adapter_smoke_and_numeric_inverse_parity)
----------------------------------------------------------------------
Traceback (most recent call last):
  File "C:\Users\88690\OneDrive\桌面\visual-learning-lab\tests\test_day24.py", line 190, in test_fixed_adapter_smoke_and_numeric_inverse_parity
    self.assertEqual(result.returncode,0,result.stderr)
    ~~~~~~~~~~~~~~~~^^^^^^^^^^^^^^^^^^^^^^^^^^^^^^^^^^^
AssertionError: 1 != 0 : node:internal/assert/utils:77
    throw err;
    ^

AssertionError [ERR_ASSERTION]: The expression evaluated to a falsy value:

  assert(projected)

    at Object.<anonymous> (C:\Users\88690\OneDrive\桌面\visual-learning-lab\tests\manipulation_frontend_smoke.cjs:35:63)
    at Module._compile (node:internal/modules/cjs/loader:1872:14)
    at Object..js (node:internal/modules/cjs/loader:2003:10)
    at Module.load (node:internal/modules/cjs/loader:1594:32)
    at Module._load (node:internal/modules/cjs/loader:1396:12)
    at wrapModuleLoad (node:internal/modules/cjs/loader:255:19)
    at Module.executeUserEntryPoint [as runMain] (node:internal/modules/run_main:154:5)
    at node:internal/main/run_main_module:33:47 {
  generatedMessage: true,
  code: 'ERR_ASSERTION',
  actual: null,
  expected: true,
  operator: '==',
  diff: 'simple'
}

Node.js v24.19.0


----------------------------------------------------------------------
Ran 14 tests in 2.432s

FAILED (failures=1)
