2026-10-06 21:16:15.189 Thread 'MainThread': missing ScriptRunContext! This warning can be ignored when running in bare mode.
test_fixed_adapter_smoke_and_numeric_inverse_parity (test_day24.ManipulationFrontendTests.test_fixed_adapter_smoke_and_numeric_inverse_parity) ... 2026-10-06 21:16:15.423 Thread 'MainThread': missing ScriptRunContext! This warning can be ignored when running in bare mode.
2026-10-06 21:16:15.423 Session state does not function when running a script without `streamlit run`
2026-10-06 21:16:15.423 Thread 'MainThread': missing ScriptRunContext! This warning can be ignored when running in bare mode.
2026-10-06 21:16:15.423 Thread 'MainThread': missing ScriptRunContext! This warning can be ignored when running in bare mode.
2026-10-06 21:16:15.423 Thread 'MainThread': missing ScriptRunContext! This warning can be ignored when running in bare mode.
2026-10-06 21:16:15.423 Thread 'MainThread': missing ScriptRunContext! This warning can be ignored when running in bare mode.
2026-10-06 21:16:15.423 Thread 'MainThread': missing ScriptRunContext! This warning can be ignored when running in bare mode.
2026-10-06 21:16:15.423 Thread 'MainThread': missing ScriptRunContext! This warning can be ignored when running in bare mode.
2026-10-06 21:16:15.423 Thread 'MainThread': missing ScriptRunContext! This warning can be ignored when running in bare mode.
2026-10-06 21:16:15.423 Thread 'MainThread': missing ScriptRunContext! This warning can be ignored when running in bare mode.
2026-10-06 21:16:15.423 Thread 'MainThread': missing ScriptRunContext! This warning can be ignored when running in bare mode.
2026-10-06 21:16:15.759 Thread 'MainThread': missing ScriptRunContext! This warning can be ignored when running in bare mode.
2026-10-06 21:16:15.759 Thread 'MainThread': missing ScriptRunContext! This warning can be ignored when running in bare mode.
2026-10-06 21:16:15.759 Thread 'MainThread': missing ScriptRunContext! This warning can be ignored when running in bare mode.
2026-10-06 21:16:15.759 Thread 'MainThread': missing ScriptRunContext! This warning can be ignored when running in bare mode.
2026-10-06 21:16:15.759 Thread 'MainThread': missing ScriptRunContext! This warning can be ignored when running in bare mode.
2026-10-06 21:16:15.760 Thread 'MainThread': missing ScriptRunContext! This warning can be ignored when running in bare mode.
2026-10-06 21:16:15.760 Thread 'MainThread': missing ScriptRunContext! This warning can be ignored when running in bare mode.
2026-10-06 21:16:15.760 Thread 'MainThread': missing ScriptRunContext! This warning can be ignored when running in bare mode.
2026-10-06 21:16:15.760 Thread 'MainThread': missing ScriptRunContext! This warning can be ignored when running in bare mode.
2026-10-06 21:16:15.760 Thread 'MainThread': missing ScriptRunContext! This warning can be ignored when running in bare mode.
2026-10-06 21:16:15.815 Thread 'MainThread': missing ScriptRunContext! This warning can be ignored when running in bare mode.
2026-10-06 21:16:15.815 Thread 'MainThread': missing ScriptRunContext! This warning can be ignored when running in bare mode.
2026-10-06 21:16:15.815 Thread 'MainThread': missing ScriptRunContext! This warning can be ignored when running in bare mode.
2026-10-06 21:16:15.815 Thread 'MainThread': missing ScriptRunContext! This warning can be ignored when running in bare mode.
2026-10-06 21:16:15.815 Thread 'MainThread': missing ScriptRunContext! This warning can be ignored when running in bare mode.
2026-10-06 21:16:15.815 Thread 'MainThread': missing ScriptRunContext! This warning can be ignored when running in bare mode.
2026-10-06 21:16:15.815 Thread 'MainThread': missing ScriptRunContext! This warning can be ignored when running in bare mode.
2026-10-06 21:16:15.816 Thread 'MainThread': missing ScriptRunContext! This warning can be ignored when running in bare mode.
2026-10-06 21:16:15.816 Thread 'MainThread': missing ScriptRunContext! This warning can be ignored when running in bare mode.
2026-10-06 21:16:15.816 Thread 'MainThread': missing ScriptRunContext! This warning can be ignored when running in bare mode.
ok
test_affine_two_anchors_use_existing_lab_values_curves_and_focus (test_day24.ManipulationLogicTests.test_affine_two_anchors_use_existing_lab_values_curves_and_focus) ... ok
test_atomic_failure_never_half_applies_parameters (test_day24.ManipulationLogicTests.test_atomic_failure_never_half_applies_parameters) ... ok
test_circle_at_displayed_time_not_a_second_waveform_state (test_day24.ManipulationLogicTests.test_circle_at_displayed_time_not_a_second_waveform_state) ... ok
test_circle_parameter_to_forward_projection_both_directions (test_day24.ManipulationLogicTests.test_circle_parameter_to_forward_projection_both_directions) ... ok
test_lab_other_controls_invalidate_old_gestures_even_after_aba (test_day24.ManipulationLogicTests.test_lab_other_controls_invalidate_old_gestures_even_after_aba) ... ok
test_numeric_preview_bounds_and_no_model_expressions (test_day24.ManipulationLogicTests.test_numeric_preview_bounds_and_no_model_expressions) ... 2026-10-06 21:16:16.424 Thread 'MainThread': missing ScriptRunContext! This warning can be ignored when running in bare mode.
2026-10-06 21:16:16.424 Thread 'MainThread': missing ScriptRunContext! This warning can be ignored when running in bare mode.
2026-10-06 21:16:16.424 Thread 'MainThread': missing ScriptRunContext! This warning can be ignored when running in bare mode.
2026-10-06 21:16:16.424 Thread 'MainThread': missing ScriptRunContext! This warning can be ignored when running in bare mode.
2026-10-06 21:16:16.424 Thread 'MainThread': missing ScriptRunContext! This warning can be ignored when running in bare mode.
2026-10-06 21:16:16.424 Thread 'MainThread': missing ScriptRunContext! This warning can be ignored when running in bare mode.
2026-10-06 21:16:16.424 Thread 'MainThread': missing ScriptRunContext! This warning can be ignored when running in bare mode.
2026-10-06 21:16:16.424 Thread 'MainThread': missing ScriptRunContext! This warning can be ignored when running in bare mode.
2026-10-06 21:16:16.424 Thread 'MainThread': missing ScriptRunContext! This warning can be ignored when running in bare mode.
2026-10-06 21:16:16.424 Thread 'MainThread': missing ScriptRunContext! This warning can be ignored when running in bare mode.
2026-10-06 21:16:16.474 Thread 'MainThread': missing ScriptRunContext! This warning can be ignored when running in bare mode.
2026-10-06 21:16:16.474 Thread 'MainThread': missing ScriptRunContext! This warning can be ignored when running in bare mode.
2026-10-06 21:16:16.474 Thread 'MainThread': missing ScriptRunContext! This warning can be ignored when running in bare mode.
2026-10-06 21:16:16.474 Thread 'MainThread': missing ScriptRunContext! This warning can be ignored when running in bare mode.
2026-10-06 21:16:16.474 Thread 'MainThread': missing ScriptRunContext! This warning can be ignored when running in bare mode.
2026-10-06 21:16:16.474 Thread 'MainThread': missing ScriptRunContext! This warning can be ignored when running in bare mode.
2026-10-06 21:16:16.474 Thread 'MainThread': missing ScriptRunContext! This warning can be ignored when running in bare mode.
2026-10-06 21:16:16.474 Thread 'MainThread': missing ScriptRunContext! This warning can be ignored when running in bare mode.
2026-10-06 21:16:16.474 Thread 'MainThread': missing ScriptRunContext! This warning can be ignored when running in bare mode.
2026-10-06 21:16:16.474 Thread 'MainThread': missing ScriptRunContext! This warning can be ignored when running in bare mode.
2026-10-06 21:16:16.665 Thread 'MainThread': missing ScriptRunContext! This warning can be ignored when running in bare mode.
2026-10-06 21:16:16.665 Thread 'MainThread': missing ScriptRunContext! This warning can be ignored when running in bare mode.
2026-10-06 21:16:16.665 Thread 'MainThread': missing ScriptRunContext! This warning can be ignored when running in bare mode.
2026-10-06 21:16:16.665 Thread 'MainThread': missing ScriptRunContext! This warning can be ignored when running in bare mode.
2026-10-06 21:16:16.665 Thread 'MainThread': missing ScriptRunContext! This warning can be ignored when running in bare mode.
2026-10-06 21:16:16.665 Thread 'MainThread': missing ScriptRunContext! This warning can be ignored when running in bare mode.
2026-10-06 21:16:16.665 Thread 'MainThread': missing ScriptRunContext! This warning can be ignored when running in bare mode.
2026-10-06 21:16:16.665 Thread 'MainThread': missing ScriptRunContext! This warning can be ignored when running in bare mode.
2026-10-06 21:16:16.665 Thread 'MainThread': missing ScriptRunContext! This warning can be ignored when running in bare mode.
2026-10-06 21:16:16.665 Thread 'MainThread': missing ScriptRunContext! This warning can be ignored when running in bare mode.
2026-10-06 21:16:16.706 Thread 'MainThread': missing ScriptRunContext! This warning can be ignored when running in bare mode.
2026-10-06 21:16:16.706 Thread 'MainThread': missing ScriptRunContext! This warning can be ignored when running in bare mode.
2026-10-06 21:16:16.707 Thread 'MainThread': missing ScriptRunContext! This warning can be ignored when running in bare mode.
2026-10-06 21:16:16.707 Thread 'MainThread': missing ScriptRunContext! This warning can be ignored when running in bare mode.
2026-10-06 21:16:16.707 Thread 'MainThread': missing ScriptRunContext! This warning can be ignored when running in bare mode.
2026-10-06 21:16:16.707 Thread 'MainThread': missing ScriptRunContext! This warning can be ignored when running in bare mode.
2026-10-06 21:16:16.707 Thread 'MainThread': missing ScriptRunContext! This warning can be ignored when running in bare mode.
2026-10-06 21:16:16.707 Thread 'MainThread': missing ScriptRunContext! This warning can be ignored when running in bare mode.
2026-10-06 21:16:16.707 Thread 'MainThread': missing ScriptRunContext! This warning can be ignored when running in bare mode.
2026-10-06 21:16:16.707 Thread 'MainThread': missing ScriptRunContext! This warning can be ignored when running in bare mode.
2026-10-06 21:16:16.748 Thread 'MainThread': missing ScriptRunContext! This warning can be ignored when running in bare mode.
2026-10-06 21:16:16.748 Thread 'MainThread': missing ScriptRunContext! This warning can be ignored when running in bare mode.
2026-10-06 21:16:16.748 Thread 'MainThread': missing ScriptRunContext! This warning can be ignored when running in bare mode.
2026-10-06 21:16:16.748 Thread 'MainThread': missing ScriptRunContext! This warning can be ignored when running in bare mode.
2026-10-06 21:16:16.748 Thread 'MainThread': missing ScriptRunContext! This warning can be ignored when running in bare mode.
2026-10-06 21:16:16.748 Thread 'MainThread': missing ScriptRunContext! This warning can be ignored when running in bare mode.
2026-10-06 21:16:16.748 Thread 'MainThread': missing ScriptRunContext! This warning can be ignored when running in bare mode.
2026-10-06 21:16:16.748 Thread 'MainThread': missing ScriptRunContext! This warning can be ignored when running in bare mode.
2026-10-06 21:16:16.748 Thread 'MainThread': missing ScriptRunContext! This warning can be ignored when running in bare mode.
2026-10-06 21:16:16.749 Thread 'MainThread': missing ScriptRunContext! This warning can be ignored when running in bare mode.
2026-10-06 21:16:16.794 Thread 'MainThread': missing ScriptRunContext! This warning can be ignored when running in bare mode.
2026-10-06 21:16:16.794 Thread 'MainThread': missing ScriptRunContext! This warning can be ignored when running in bare mode.
2026-10-06 21:16:16.794 Thread 'MainThread': missing ScriptRunContext! This warning can be ignored when running in bare mode.
2026-10-06 21:16:16.794 Thread 'MainThread': missing ScriptRunContext! This warning can be ignored when running in bare mode.
2026-10-06 21:16:16.794 Thread 'MainThread': missing ScriptRunContext! This warning can be ignored when running in bare mode.
2026-10-06 21:16:16.794 Thread 'MainThread': missing ScriptRunContext! This warning can be ignored when running in bare mode.
2026-10-06 21:16:16.794 Thread 'MainThread': missing ScriptRunContext! This warning can be ignored when running in bare mode.
2026-10-06 21:16:16.794 Thread 'MainThread': missing ScriptRunContext! This warning can be ignored when running in bare mode.
2026-10-06 21:16:16.794 Thread 'MainThread': missing ScriptRunContext! This warning can be ignored when running in bare mode.
2026-10-06 21:16:16.795 Thread 'MainThread': missing ScriptRunContext! This warning can be ignored when running in bare mode.
2026-10-06 21:16:16.836 Thread 'MainThread': missing ScriptRunContext! This warning can be ignored when running in bare mode.
2026-10-06 21:16:16.836 Thread 'MainThread': missing ScriptRunContext! This warning can be ignored when running in bare mode.
2026-10-06 21:16:16.836 Thread 'MainThread': missing ScriptRunContext! This warning can be ignored when running in bare mode.
2026-10-06 21:16:16.836 Thread 'MainThread': missing ScriptRunContext! This warning can be ignored when running in bare mode.
2026-10-06 21:16:16.836 Thread 'MainThread': missing ScriptRunContext! This warning can be ignored when running in bare mode.
2026-10-06 21:16:16.836 Thread 'MainThread': missing ScriptRunContext! This warning can be ignored when running in bare mode.
2026-10-06 21:16:16.836 Thread 'MainThread': missing ScriptRunContext! This warning can be ignored when running in bare mode.
2026-10-06 21:16:16.836 Thread 'MainThread': missing ScriptRunContext! This warning can be ignored when running in bare mode.
2026-10-06 21:16:16.837 Thread 'MainThread': missing ScriptRunContext! This warning can be ignored when running in bare mode.
2026-10-06 21:16:16.837 Thread 'MainThread': missing ScriptRunContext! This warning can be ignored when running in bare mode.
ok
test_outside_legal_inverse_zero_radius_stale_and_duplicate (test_day24.ManipulationLogicTests.test_outside_legal_inverse_zero_radius_stale_and_duplicate) ... ok
test_polar_endpoint_two_parameters_atomic_time_clamp_and_fit (test_day24.ManipulationLogicTests.test_polar_endpoint_two_parameters_atomic_time_clamp_and_fit) ... ok
test_recording_replays_committed_semantics_not_pointer_events (test_day24.ManipulationLogicTests.test_recording_replays_committed_semantics_not_pointer_events) ... ok
test_reject_nonanalytic_ambiguous_fixed_and_malicious_formulas (test_day24.ManipulationLogicTests.test_reject_nonanalytic_ambiguous_fixed_and_malicious_formulas) ... ok
test_semantic_bridge_does_not_invent_or_guess_identity (test_day24.ManipulationLogicTests.test_semantic_bridge_does_not_invent_or_guess_identity) ... ok
test_topic_name_renaming_does_not_route_the_adapter (test_day24.ManipulationLogicTests.test_topic_name_renaming_does_not_route_the_adapter) ... ok
test_unknown_or_malicious_events_preserve_all_state (test_day24.ManipulationLogicTests.test_unknown_or_malicious_events_preserve_all_state) ... ok
test_normal_math_lab_gesture_source_roundtrip_and_control_sync (test_day24.ManipulationProductTests.test_normal_math_lab_gesture_source_roundtrip_and_control_sync) ... 2026-10-06 21:16:17.567 Thread 'MainThread': missing ScriptRunContext! This warning can be ignored when running in bare mode.
2026-10-06 21:16:20.679 Please replace `use_container_width` with `width`.

`use_container_width` will be removed after 2025-12-31.

For `use_container_width=True`, use `width='stretch'`. For `use_container_width=False`, use `width='content'`.
ERROR
test_normal_pdf_world_gesture_focus_source_roundtrip_zero_requests (test_day24.ManipulationProductTests.test_normal_pdf_world_gesture_focus_source_roundtrip_zero_requests) ... 2026-10-06 21:16:20.775 Thread 'MainThread': missing ScriptRunContext! This warning can be ignored when running in bare mode.
2026-10-06 21:16:21.459 Please replace `use_container_width` with `width`.

`use_container_width` will be removed after 2025-12-31.

For `use_container_width=True`, use `width='stretch'`. For `use_container_width=False`, use `width='content'`.
2026-10-06 21:16:21.639 Please replace `use_container_width` with `width`.

`use_container_width` will be removed after 2025-12-31.

For `use_container_width=True`, use `width='stretch'`. For `use_container_width=False`, use `width='content'`.
2026-10-06 21:16:22.193 Please replace `use_container_width` with `width`.

`use_container_width` will be removed after 2025-12-31.

For `use_container_width=True`, use `width='stretch'`. For `use_container_width=False`, use `width='content'`.
ok
test_preview_failure_keeps_regular_world_and_analysis (test_day24.ManipulationProductTests.test_preview_failure_keeps_regular_world_and_analysis) ... 2026-10-06 21:16:22.206 Thread 'MainThread': missing ScriptRunContext! This warning can be ignored when running in bare mode.
2026-10-06 21:16:22.841 Please replace `use_container_width` with `width`.

`use_container_width` will be removed after 2025-12-31.

For `use_container_width=True`, use `width='stretch'`. For `use_container_width=False`, use `width='content'`.
ERROR

======================================================================
ERROR: test_normal_math_lab_gesture_source_roundtrip_and_control_sync (test_day24.ManipulationProductTests.test_normal_math_lab_gesture_source_roundtrip_and_control_sync)
----------------------------------------------------------------------
Traceback (most recent call last):
  File "C:\Users\88690\OneDrive\桌面\visual-learning-lab\tests\test_day24.py", line 232, in test_normal_math_lab_gesture_source_roundtrip_and_control_sync
    at=self.app('math');calls=[]
  File "C:\Users\88690\OneDrive\桌面\visual-learning-lab\tests\test_day24.py", line 205, in app
    at.selectbox[0].set_value(kind).run();self.assertFalse(at.exception)
    ~~~~~~~~~~~~~~~~~~~~~~~~~~~~~~~~~~~^^
  File "C:\Users\88690\AppData\Local\Python\pythoncore-3.14-64\Lib\site-packages\streamlit\testing\v1\element_tree.py", line 223, in run
    return self.root.run(timeout=timeout)
           ~~~~~~~~~~~~~^^^^^^^^^^^^^^^^^
  File "C:\Users\88690\AppData\Local\Python\pythoncore-3.14-64\Lib\site-packages\streamlit\testing\v1\element_tree.py", line 2692, in run
    widget_states = self.get_widget_states()
  File "C:\Users\88690\AppData\Local\Python\pythoncore-3.14-64\Lib\site-packages\streamlit\testing\v1\element_tree.py", line 2675, in get_widget_states
    w = get_widget_state(node)
  File "C:\Users\88690\AppData\Local\Python\pythoncore-3.14-64\Lib\site-packages\streamlit\testing\v1\element_tree.py", line 2616, in get_widget_state
    return node._widget_state
           ^^^^^^^^^^^^^^^^^^
  File "C:\Users\88690\AppData\Local\Python\pythoncore-3.14-64\Lib\site-packages\streamlit\testing\v1\element_tree.py", line 1658, in _widget_state
    if self.index is not None and len(self.options) > 0:
       ^^^^^^^^^^
  File "C:\Users\88690\AppData\Local\Python\pythoncore-3.14-64\Lib\site-packages\streamlit\testing\v1\element_tree.py", line 1619, in index
    return self.options.index(formatted_value)
           ~~~~~~~~~~~~~~~~~~^^^^^^^^^^^^^^^^^
ValueError: list.index(x): x not in list

======================================================================
ERROR: test_preview_failure_keeps_regular_world_and_analysis (test_day24.ManipulationProductTests.test_preview_failure_keeps_regular_world_and_analysis)
----------------------------------------------------------------------
Traceback (most recent call last):
  File "C:\Users\88690\OneDrive\桌面\visual-learning-lab\tests\test_day24.py", line 256, in test_preview_failure_keeps_regular_world_and_analysis
    at=self.app('projectile')
  File "C:\Users\88690\OneDrive\桌面\visual-learning-lab\tests\test_day24.py", line 205, in app
    at.selectbox[0].set_value(kind).run();self.assertFalse(at.exception)
    ~~~~~~~~~~~~~~~~~~~~~~~~~~~~~~~~~~~^^
  File "C:\Users\88690\AppData\Local\Python\pythoncore-3.14-64\Lib\site-packages\streamlit\testing\v1\element_tree.py", line 223, in run
    return self.root.run(timeout=timeout)
           ~~~~~~~~~~~~~^^^^^^^^^^^^^^^^^
  File "C:\Users\88690\AppData\Local\Python\pythoncore-3.14-64\Lib\site-packages\streamlit\testing\v1\element_tree.py", line 2692, in run
    widget_states = self.get_widget_states()
  File "C:\Users\88690\AppData\Local\Python\pythoncore-3.14-64\Lib\site-packages\streamlit\testing\v1\element_tree.py", line 2675, in get_widget_states
    w = get_widget_state(node)
  File "C:\Users\88690\AppData\Local\Python\pythoncore-3.14-64\Lib\site-packages\streamlit\testing\v1\element_tree.py", line 2616, in get_widget_state
    return node._widget_state
           ^^^^^^^^^^^^^^^^^^
  File "C:\Users\88690\AppData\Local\Python\pythoncore-3.14-64\Lib\site-packages\streamlit\testing\v1\element_tree.py", line 1658, in _widget_state
    if self.index is not None and len(self.options) > 0:
       ^^^^^^^^^^
  File "C:\Users\88690\AppData\Local\Python\pythoncore-3.14-64\Lib\site-packages\streamlit\testing\v1\element_tree.py", line 1619, in index
    return self.options.index(formatted_value)
           ~~~~~~~~~~~~~~~~~~^^^^^^^^^^^^^^^^^
ValueError: list.index(x): x not in list

----------------------------------------------------------------------
Ran 17 tests in 7.607s

FAILED (errors=2)
