

理解

來源

探索

練習

選擇適合的學習表示

探索方式

正式模型

譬喻世界

目前焦點：相位角

第 1 頁

清除焦點

空間學習場景
正弦波與相位

Explore one physical state through multiple views.

模型簡化假設: Ideal planar model; no losses.

keyboard_arrow_right

鍵盤參數與觀察對象／備援

keyboard_arrow_right

鍵盤時間控制／備援

空間視圖 · 訊號／波形 · 向量／相量 · 方程式／狀態視角

拖曳亮起的向量端點試試看

keyboard_arrow_right

播放、比較與記錄工作區

keyboard_arrow_right

鍵盤比較控制／備援

keyboard_arrow_right

探索紀錄與回放

keyboard_arrow_right

3D 相機／靜態備援視圖

相位角: 0 rad

第 1 頁

查看來源

此工作區共用同一份已驗證語意場景；編譯完成後，所有操作都在本機執行。

keyboard_arrow_right

建議視覺化

概念圖

This view fits the learning structure.

點選節點探索 · 拖移與縮放檢視

深紫色：已選取 · 琥珀色虛線：需複習 · 淺紫色：目前課程

keyboard_arrow_right

探索這個視覺化 · 從清單選擇

學習探索面板

選擇概念、流程步驟或比較項目，探索脈絡與來源。

一個概念，多種理解方式。

規劃中的功能 · 將於後續版本推出

≈
類比說明

透過熟悉的例子理解陌生概念。

▧
圖像拆解

探索圖解的各個部分與意義。

◇
更豐富的 3D 體驗

探索軌跡之外的空間模型。

↗
來源核對

將說明追溯到原始 PDF 或來源資料。

理解，也要有證據。
規劃中的來源核對會將生成說明連結到支持它的原文，讓你核對脈絡，辨識過度簡化的內容。

Visual Learning Lab · 每天一步，公開打造。
[ '', '', '', '', '', '' ]
2
