Collecting pdfplumber==0.11.10
  Using cached pdfplumber-0.11.10-py3-none-any.whl.metadata (43 kB)
Collecting pdfminer.six==20260107 (from pdfplumber==0.11.10)
  Using cached pdfminer_six-20260107-py3-none-any.whl.metadata (4.3 kB)
Requirement already satisfied: Pillow>=12.2.0 in C:\Users\88690\AppData\Local\Python\pythoncore-3.14-64\Lib\site-packages (from pdfplumber==0.11.10) (12.3.0)
Collecting pypdfium2>=5.9.0 (from pdfplumber==0.11.10)
  Using cached pypdfium2-5.13.0-py3-none-win_amd64.whl.metadata (67 kB)
Requirement already satisfied: charset-normalizer>=2.0.0 in C:\Users\88690\AppData\Local\Python\pythoncore-3.14-64\Lib\site-packages (from pdfminer.six==20260107->pdfplumber==0.11.10) (3.5.1)
Collecting cryptography>=36.0.0 (from pdfminer.six==20260107->pdfplumber==0.11.10)
  Using cached cryptography-50.0.2-cp311-abi3-win_amd64.whl.metadata (4.4 kB)
Collecting cffi>=2.0.0 (from cryptography>=36.0.0->pdfminer.six==20260107->pdfplumber==0.11.10)
  Using cached cffi-2.1.1-cp314-cp314-win_amd64.whl.metadata (2.6 kB)
Collecting pycparser (from cffi>=2.0.0->cryptography>=36.0.0->pdfminer.six==20260107->pdfplumber==0.11.10)
  Using cached pycparser-3.0-py3-none-any.whl.metadata (8.2 kB)
Downloading pdfplumber-0.11.10-py3-none-any.whl (60 kB)
Downloading pdfminer_six-20260107-py3-none-any.whl (6.6 MB)
   ---------------------------------------- 6.6/6.6 MB 79.2 kB/s  0:01:08
Downloading cryptography-50.0.2-cp311-abi3-win_amd64.whl (3.8 MB)
   ---------------------------------------- 3.8/3.8 MB 117.6 kB/s  0:00:37
Downloading cffi-2.1.1-cp314-cp314-win_amd64.whl (187 kB)
Downloading pypdfium2-5.13.0-py3-none-win_amd64.whl (3.9 MB)
   ---------------------------------------- 3.9/3.9 MB 108.5 kB/s  0:00:35
Downloading pycparser-3.0-py3-none-any.whl (48 kB)
Installing collected packages: pypdfium2, pycparser, cffi, cryptography, pdfminer.six, pdfplumber
  WARNING: The script pypdfium2.exe is installed in 'C:\Users\88690\AppData\Local\Python\pythoncore-3.14-64\Scripts' which is not on PATH.
  Consider adding this directory to PATH or, if you prefer to suppress this warning, use --no-warn-script-location.
  WARNING: The script cffi-gen-src.exe is installed in 'C:\Users\88690\AppData\Local\Python\pythoncore-3.14-64\Scripts' which is not on PATH.
  Consider adding this directory to PATH or, if you prefer to suppress this warning, use --no-warn-script-location.
  WARNING: The script pdfplumber.exe is installed in 'C:\Users\88690\AppData\Local\Python\pythoncore-3.14-64\Scripts' which is not on PATH.
  Consider adding this directory to PATH or, if you prefer to suppress this warning, use --no-warn-script-location.

Successfully installed cffi-2.1.1 cryptography-50.0.2 pdfminer.six-20260107 pdfplumber-0.11.10 pycparser-3.0 pypdfium2-5.13.0
