2026-10-09 16:45:17.044 Thread 'MainThread': missing ScriptRunContext! This warning can be ignored when running in bare mode.
2026-10-09 16:45:18.797 Thread 'MainThread': missing ScriptRunContext! This warning can be ignored when running in bare mode.
2026-10-09 16:45:19.135 Thread 'MainThread': missing ScriptRunContext! This warning can be ignored when running in bare mode.
2026-10-09 16:45:19.136 Session state does not function when running a script without `streamlit run`
2026-10-09 16:45:19.367 Thread 'MainThread': missing ScriptRunContext! This warning can be ignored when running in bare mode.
2026-10-09 16:45:19.367 Thread 'MainThread': missing ScriptRunContext! This warning can be ignored when running in bare mode.
2026-10-09 16:45:19.367 Thread 'MainThread': missing ScriptRunContext! This warning can be ignored when running in bare mode.
2026-10-09 16:45:19.367 Thread 'MainThread': missing ScriptRunContext! This warning can be ignored when running in bare mode.
2026-10-09 16:45:19.367 Thread 'MainThread': missing ScriptRunContext! This warning can be ignored when running in bare mode.
2026-10-09 16:45:19.367 Thread 'MainThread': missing ScriptRunContext! This warning can be ignored when running in bare mode.
2026-10-09 16:45:19.367 Thread 'MainThread': missing ScriptRunContext! This warning can be ignored when running in bare mode.
2026-10-09 16:45:19.368 Thread 'MainThread': missing ScriptRunContext! This warning can be ignored when running in bare mode.
2026-10-09 16:45:19.368 Thread 'MainThread': missing ScriptRunContext! This warning can be ignored when running in bare mode.
2026-10-09 16:45:19.368 Thread 'MainThread': missing ScriptRunContext! This warning can be ignored when running in bare mode.
2026-10-09 16:45:19.368 Thread 'MainThread': missing ScriptRunContext! This warning can be ignored when running in bare mode.
2026-10-09 16:45:19.368 Thread 'MainThread': missing ScriptRunContext! This warning can be ignored when running in bare mode.
2026-10-09 16:45:19.368 Thread 'MainThread': missing ScriptRunContext! This warning can be ignored when running in bare mode.
2026-10-09 16:45:19.368 Thread 'MainThread': missing ScriptRunContext! This warning can be ignored when running in bare mode.
2026-10-09 16:45:19.368 Thread 'MainThread': missing ScriptRunContext! This warning can be ignored when running in bare mode.
2026-10-09 16:45:19.587 Thread 'MainThread': missing ScriptRunContext! This warning can be ignored when running in bare mode.
2026-10-09 16:45:19.587 Thread 'MainThread': missing ScriptRunContext! This warning can be ignored when running in bare mode.
2026-10-09 16:45:19.587 Thread 'MainThread': missing ScriptRunContext! This warning can be ignored when running in bare mode.
2026-10-09 16:45:19.588 Thread 'MainThread': missing ScriptRunContext! This warning can be ignored when running in bare mode.
2026-10-09 16:45:19.588 Thread 'MainThread': missing ScriptRunContext! This warning can be ignored when running in bare mode.
2026-10-09 16:45:19.588 Thread 'MainThread': missing ScriptRunContext! This warning can be ignored when running in bare mode.
2026-10-09 16:45:19.588 Thread 'MainThread': missing ScriptRunContext! This warning can be ignored when running in bare mode.
2026-10-09 16:45:19.588 Thread 'MainThread': missing ScriptRunContext! This warning can be ignored when running in bare mode.
2026-10-09 16:45:19.588 Thread 'MainThread': missing ScriptRunContext! This warning can be ignored when running in bare mode.
2026-10-09 16:45:19.588 Thread 'MainThread': missing ScriptRunContext! This warning can be ignored when running in bare mode.
2026-10-09 16:45:19.588 Thread 'MainThread': missing ScriptRunContext! This warning can be ignored when running in bare mode.
2026-10-09 16:45:19.588 Thread 'MainThread': missing ScriptRunContext! This warning can be ignored when running in bare mode.
2026-10-09 16:45:19.588 Thread 'MainThread': missing ScriptRunContext! This warning can be ignored when running in bare mode.
2026-10-09 16:45:19.588 Thread 'MainThread': missing ScriptRunContext! This warning can be ignored when running in bare mode.
2026-10-09 16:45:19.589 Thread 'MainThread': missing ScriptRunContext! This warning can be ignored when running in bare mode.
2026-10-09 16:45:19.861 Thread 'MainThread': missing ScriptRunContext! This warning can be ignored when running in bare mode.
2026-10-09 16:45:19.887 Thread 'MainThread': missing ScriptRunContext! This warning can be ignored when running in bare mode.
2026-10-09 16:45:19.888 Thread 'MainThread': missing ScriptRunContext! This warning can be ignored when running in bare mode.
2026-10-09 16:45:19.888 Thread 'MainThread': missing ScriptRunContext! This warning can be ignored when running in bare mode.
2026-10-09 16:45:19.890 Thread 'MainThread': missing ScriptRunContext! This warning can be ignored when running in bare mode.
2026-10-09 16:45:19.890 Thread 'MainThread': missing ScriptRunContext! This warning can be ignored when running in bare mode.
2026-10-09 16:45:19.890 Thread 'MainThread': missing ScriptRunContext! This warning can be ignored when running in bare mode.
2026-10-09 16:45:20.341 Thread 'MainThread': missing ScriptRunContext! This warning can be ignored when running in bare mode.
Source Atlas rejected reason=atlas_version: unsupported
2026-10-09 16:45:23.283 Thread 'MainThread': missing ScriptRunContext! This warning can be ignored when running in bare mode.
2026-10-09 16:45:23.321 Thread 'MainThread': missing ScriptRunContext! This warning can be ignored when running in bare mode.
2026-10-09 16:45:23.322 Thread 'MainThread': missing ScriptRunContext! This warning can be ignored when running in bare mode.
2026-10-09 16:45:23.322 Thread 'MainThread': missing ScriptRunContext! This warning can be ignored when running in bare mode.
2026-10-09 16:45:23.324 Thread 'MainThread': missing ScriptRunContext! This warning can be ignored when running in bare mode.
2026-10-09 16:45:23.324 Thread 'MainThread': missing ScriptRunContext! This warning can be ignored when running in bare mode.
2026-10-09 16:45:23.324 Thread 'MainThread': missing ScriptRunContext! This warning can be ignored when running in bare mode.
2026-10-09 16:45:23.595 Thread 'MainThread': missing ScriptRunContext! This warning can be ignored when running in bare mode.
2026-10-09 16:45:26.588 Please replace `use_container_width` with `width`.

`use_container_width` will be removed after 2025-12-31.

For `use_container_width=True`, use `width='stretch'`. For `use_container_width=False`, use `width='content'`.
2026-10-09 16:45:26.896 Please replace `use_container_width` with `width`.

`use_container_width` will be removed after 2025-12-31.

For `use_container_width=True`, use `width='stretch'`. For `use_container_width=False`, use `width='content'`.
2026-10-09 16:45:27.527 Thread 'MainThread': missing ScriptRunContext! This warning can be ignored when running in bare mode.
2026-10-09 16:45:27.551 Thread 'MainThread': missing ScriptRunContext! This warning can be ignored when running in bare mode.
2026-10-09 16:45:27.552 Thread 'MainThread': missing ScriptRunContext! This warning can be ignored when running in bare mode.
2026-10-09 16:45:27.552 Thread 'MainThread': missing ScriptRunContext! This warning can be ignored when running in bare mode.
2026-10-09 16:45:27.554 Thread 'MainThread': missing ScriptRunContext! This warning can be ignored when running in bare mode.
2026-10-09 16:45:27.554 Thread 'MainThread': missing ScriptRunContext! This warning can be ignored when running in bare mode.
2026-10-09 16:45:27.554 Thread 'MainThread': missing ScriptRunContext! This warning can be ignored when running in bare mode.
2026-10-09 16:45:27.761 Thread 'MainThread': missing ScriptRunContext! This warning can be ignored when running in bare mode.
2026-10-09 16:45:27.761 Thread 'MainThread': missing ScriptRunContext! This warning can be ignored when running in bare mode.
======================================================================
FAIL: test_cross_domain_projectile_same_bridge (test_day19.AtlasTests.test_cross_domain_projectile_same_bridge)
----------------------------------------------------------------------
Traceback (most recent call last):
  File "D:\Projects\visual-learning-lab\tests\test_day19.py", line 206, in test_cross_domain_projectile_same_bridge
    self.assertEqual(wrapper["world"]["focus"],"vx")
    ~~~~~~~~~~~~~~~~^^^^^^^^^^^^^^^^^^^^^^^^^^^^^^^^
AssertionError: 'px' != 'vx'
- px
+ vx


----------------------------------------------------------------------
Ran 30 tests in 9.635s

FAILED (failures=1)
