2026-10-06 00:33:39.791 Thread 'MainThread': missing ScriptRunContext! This warning can be ignored when running in bare mode.
{"material_id": "finite_sampling", "proposal_family": "structural", "selected_family": "static", "selection_pass": false, "compilation_pass": true, "runtime_pass": false, "failure_category": "C5"}
{"material_id": "undo_history", "proposal_family": "process", "selected_family": "process", "selection_pass": true, "compilation_pass": true, "runtime_pass": true, "failure_category": null}
Learning representation rejected stage=normalize code=duplicate_runtime_id path=$.process.transitions[0].id
{"material_id": "future_lifecycle", "proposal_family": "process", "selected_family": null, "selection_pass": null, "compilation_pass": false, "runtime_pass": null, "failure_category": "C1"}
Learning representation rejected stage=normalize code=duplicate_runtime_id path=$.process.transitions[0].id
{"material_id": "recursive_calls", "proposal_family": "process", "selected_family": null, "selection_pass": null, "compilation_pass": false, "runtime_pass": null, "failure_category": "C1"}
{"material_id": "feedback_response", "proposal_family": "dynamic", "selected_family": "dynamic", "selection_pass": true, "compilation_pass": true, "runtime_pass": true, "failure_category": null}
Learning representation rejected stage=request code=external_failure path=$
{"material_id": "market_equilibrium", "proposal_family": null, "selected_family": null, "selection_pass": null, "compilation_pass": null, "runtime_pass": null, "failure_category": "OTHER"}
{"material_id": "cell_cycle", "proposal_family": "process", "selected_family": "static", "selection_pass": true, "compilation_pass": true, "runtime_pass": true, "failure_category": null}
{"material_id": "byte_definition", "proposal_family": "static", "selected_family": "static", "selection_pass": true, "compilation_pass": true, "runtime_pass": true, "failure_category": null}
{
  "total": 12,
  "proposal_selection_pass": {
    "pass": 8,
    "fail": 1,
    "not_evaluated": 3
  },
  "selection_pass": {
    "pass": 6,
    "fail": 1,
    "not_evaluated": 5
  },
  "compilation_pass": {
    "pass": 7,
    "fail": 4,
    "not_evaluated": 1
  },
  "runtime_pass": {
    "pass": 6,
    "fail": 1,
    "not_evaluated": 5
  },
  "grounding_pass": {
    "pass": 7,
    "fail": 0,
    "not_evaluated": 5
  },
  "safe_fallback": {
    "pass": 6,
    "fail": 0,
    "not_evaluated": 6
  },
  "post_compile_api_calls": 0,
  "local_api_observed_cases": 7,
  "failure_categories": {
    "C1": 4,
    "C5": 1,
    "OTHER": 1
  }
}
