[
  {
    "case": "phase",
    "derivation_median_ms": 0.0977,
    "source_click_focus_median_ms": 1.0656,
    "focus_region_median_ms": 0.0088,
    "navigation_median_ms": 0.0049,
    "link_bytes": 964,
    "manipulation_target_count": 1
  },
  {
    "case": "projectile",
    "derivation_median_ms": 0.0544,
    "source_click_focus_median_ms": 6.3177,
    "focus_region_median_ms": 0.006,
    "navigation_median_ms": 0.0034,
    "link_bytes": 935,
    "manipulation_target_count": 1
  },
  {
    "case": "math",
    "derivation_median_ms": 0.0587,
    "source_click_focus_median_ms": 0.0089,
    "focus_region_median_ms": 0.0065,
    "navigation_median_ms": 0.0039,
    "link_bytes": 1006,
    "manipulation_target_count": 2
  }
]
